// Jest Snapshot v1, https://goo.gl/fbAQLP

exports[`ProximosPassos deve possuir a mesma estrutura 1`] = `
<div>
  <h1>
    Cadastro Realizado com Sucesso  
  </h1>
  <p>
    Texto de Pr√≥ximos passos! 
  </p>
</div>
`;
