// Jest Snapshot v1, https://goo.gl/fbAQLP

exports[`Nav possui a mesma estrutura 1`] = `
<ul
  className="right hide-on-med-and-down"
>
  <li>
    <a
      href="/sobre"
      name="sobre"
    >
      Sobre
    </a>
  </li>
</ul>
`;
