// Jest Snapshot v1, https://goo.gl/fbAQLP

exports[`Botao possui a mesma estrutura 1`] = `
<a
  className="
      en-btn
      false
      false
      false
    "
  name="btn"
  onClick={[Function]}
  role="button"
  tabIndex="0"
>
  Clique aqui
</a>
`;
