// Jest Snapshot v1, https://goo.gl/fbAQLP

exports[`Footer possui a mesma estrutura 1`] = `
<div
  className="en-footer"
>
  <div
    className="container"
  >
    <div
      id="footer-content"
    />
  </div>
</div>
`;
