// Jest Snapshot v1, https://goo.gl/fbAQLP

exports[`Home possui a mesma estrutura 1`] = `
<div
  className="row"
>
  <div
    className="col s12 m6"
    id="banner"
  >
    <div
      className="AT-QUANDO-VOC-VAI"
    >
      Até quando você vai se esconder?
    </div>
  </div>
  <Estatistica />
</div>
`;
