// Jest Snapshot v1, https://goo.gl/fbAQLP

exports[`Menu deve construir a pagina corretamente  1`] = `
<div
  className="col s12 menu"
>
  <div
    className="logo"
  >
    <Link
      replace={false}
      to="/"
    >
      <img
        alt="Logo Verdade Seja Dita"
        src="logo.svg"
      />
    </Link>
  </div>
  <div
    className="links"
  >
    <Link
      replace={false}
      to="/sobre"
    >
      SOBRE
    </Link>
    <Link
      replace={false}
      to="/depois-denuncia"
    >
      E DEPOIS DA DENÃšNCIA?
    </Link>
    <Link
      replace={false}
      to="/coletivo-enegrecer"
    >
      O COLETIVO ENEGRECER
    </Link>
    <Link
      replace={false}
      to="/denunciar"
    >
      DENUNCIAR
    </Link>
  </div>
</div>
`;
