// Jest Snapshot v1, https://goo.gl/fbAQLP

exports[`Routes com moderador logado deve construir a pagina com menu para moderador 1`] = `
<BrowserRouter>
  <div>
    <Menu />
    <Switch>
      <Route
        component={[Function]}
        exact={true}
        path="/"
      />
      <Route
        component={[Function]}
        exact={true}
        path="/sobre"
      />
      <Route
        component={[Function]}
        exact={true}
        path="/coletivo-enegrecer"
      />
      <Route
        component={[Function]}
        exact={true}
        path="/denunciar"
      />
      <Route
        component={[Function]}
        exact={true}
        path="/depois-denuncia"
      />
      <Route
        component={[Function]}
        exact={true}
        path="/login"
      />
      <Route
        component={[Function]}
        exact={true}
        path="/moderador/visualizar-denuncia/:denunciaId"
      />
      <PrivateRoute
        component={[Function]}
        path="/moderador"
      />
      <Route
        component={[Function]}
      />
    </Switch>
    <rodape />
  </div>
</BrowserRouter>
`;

exports[`Routes sem moderador logado deve construir a pagina com menu da p√°gina 1`] = `
<BrowserRouter>
  <div>
    <Menu />
    <Switch>
      <Route
        component={[Function]}
        exact={true}
        path="/"
      />
      <Route
        component={[Function]}
        exact={true}
        path="/sobre"
      />
      <Route
        component={[Function]}
        exact={true}
        path="/coletivo-enegrecer"
      />
      <Route
        component={[Function]}
        exact={true}
        path="/denunciar"
      />
      <Route
        component={[Function]}
        exact={true}
        path="/depois-denuncia"
      />
      <Route
        component={[Function]}
        exact={true}
        path="/login"
      />
      <Route
        component={[Function]}
        exact={true}
        path="/moderador/visualizar-denuncia/:denunciaId"
      />
      <PrivateRoute
        component={[Function]}
        path="/moderador"
      />
      <Route
        component={[Function]}
      />
    </Switch>
    <rodape />
  </div>
</BrowserRouter>
`;
