// Jest Snapshot v1, https://goo.gl/fbAQLP

exports[`Caracteristica deve possuir estrutura definida  1`] = `
<caracteristica
  id="1"
  label="Característica da Vítima"
  onChange={[Function]}
>
  <campoTexto
    divClasse="input-field col s12"
    id="1"
    inputClasse="materialize-textarea"
    label="Característica da Vítima"
    maxLen={255}
    onChange={[Function]}
    placeholder="Ex.: Era uma mulher negra, com aproximadamente 40 anos, magra, alta com cabelo curto..."
    type="text"
  >
    <div
      className="input-field col s12"
    >
      <input
        className="materialize-textarea"
        id="1"
        maxLength={255}
        onChange={[Function]}
        placeholder="Ex.: Era uma mulher negra, com aproximadamente 40 anos, magra, alta com cabelo curto..."
        type="text"
      />
      <label
        className="active"
        htmlFor="1"
      >
        Característica da Vítima
      </label>
    </div>
  </campoTexto>
</caracteristica>
`;
