// Jest Snapshot v1, https://goo.gl/fbAQLP

exports[`NovaVitimaForm Component deve possuir estrutura definida  1`] = `
<div>
  <div
    className="row"
  >
    <checkBox
      divClasse="col s12 m6 l6"
      id="souAVitima"
      label="Marque se você é a vítima"
      state="souAVitima"
    />
  </div>
  <div
    className="row"
  >
    <nome
      divClasse="col s12 m6 l6"
      id="nome-vitima"
      onChange={[Function]}
      state="nomeVitima"
      validacoes={Array []}
    />
    <Data
      divClasse="input-field col s12 m6 l6"
      id="dataNascimento"
      label="Data de Nascimento"
      state="dataNascimentoVitima"
    />
  </div>
  <div
    className="row"
  >
    <telefone
      divClasse="input-field col s12 m6 l6"
      id="telefone"
      label="Telefone"
      state="telefoneVitima"
    />
    <combobox
      divClasse="col s12 m6 l6"
      id="cidade-vitima"
      itens={
        Array [
          "Belo Horizonte",
        ]
      }
      label="Cidade *"
      state="cidadeVitima"
      valorPadrao=""
    />
  </div>
  <div
    className="row"
  >
    <genero
      divClasse="col s12 m6 l6"
      id="vitima-genero"
      state="generoVitima"
    />
    <comboRaca
      divClasse="col s12 m6 l6"
      id="raca"
      somenteRacasVitima={true}
      state="racaVitima"
    />
  </div>
</div>
`;
