// Jest Snapshot v1, https://goo.gl/fbAQLP

exports[`DenuncianteForm deve seguir a estrutura definida  1`] = `
<div>
  <div
    className="row"
  >
    <campoTexto
      divClasse="input-field col s12 m6 l6"
      id="numero-boletim"
      label="Número do Boletim de ocorrência"
      maxLen={40}
      state="numeroBoletim"
      type="text"
    />
    <campoTexto
      divClasse="input-field col s12 m6 l6"
      id="categoria-crime-boletim"
      label="Categoria do crime no BO"
      maxLen={40}
      state="categoriaCrime"
      type="text"
    />
  </div>
  <div
    className="row"
  >
    <campoTexto
      divClasse="input-field col s12 m6 l6"
      id="numero-processo"
      label="Número do Processo"
      maxLen={40}
      state="numeroProcesso"
      type="text"
    />
    <campoTexto
      divClasse="input-field col s12 m6 l6"
      id="orgao"
      label="Órgão"
      maxLen={40}
      state="orgao"
      type="text"
    />
  </div>
</div>
`;
