// Jest Snapshot v1, https://goo.gl/fbAQLP

exports[`Form Descrição deve seguir a estrutura definida  1`] = `
<div>
  <div
    className="row"
  >
    <combobox
      divClasse="col s12 m6 l6"
      id="periodo"
      itens={
        Array [
          " ",
          "Manhã",
          "Tarde",
          "Noite",
        ]
      }
      label="Período*"
      state="periodoAgressao"
      valorPadrao=""
    />
    <Data
      divClasse="input-field col s12 m6 l6"
      id="data-agressao"
      label="Data de Agressão"
      state="dataAgressao"
    />
  </div>
  <div
    className="row"
  >
    <comboEstado
      divClasse="col s12 m6 l6"
      id="descricao-estado"
      state="estadoAgressao"
    />
    <campoTexto
      divClasse="input-field col s12 m6 l6"
      id="cidade-descricao"
      label="Cidade*"
      maxLen={40}
      placeholder=""
      state="cidadeAgressao"
      type="text"
    />
  </div>
  <div
    className="row"
  >
    <campoTexto
      divClasse="input-field col s12 m6 l6"
      id="bairro-descricao"
      label="Bairro*"
      maxLen={40}
      placeholder=""
      state="bairroAgressao"
      type="text"
    />
    <campoTexto
      divClasse="input-field col s12 m6 l6"
      id="endereco-descricao"
      label="Endereço"
      maxLen={40}
      placeholder=""
      state="enderecoAgressao"
      type="text"
    />
  </div>
  <div
    className="row"
  >
    <campoTexto
      divClasse="input-field col s12 m6 l6"
      id="descricao-denuncia"
      inputClasse="materialize-textarea"
      label="Descrição da denúncia"
      maxLen={255}
      state="descricaoAgressao"
      type="text"
    />
  </div>
</div>
`;
