// Jest Snapshot v1, https://goo.gl/fbAQLP

exports[`DenuncianteForm deve seguir a estrutura definida  1`] = `
<div>
  <div
    className="row"
  >
    <nome
      divClasse="col s12 m6 l6"
      id="nome-vitima"
      onChange={[Function]}
      state="nomeDenunciante"
      validacoes={
        Array [
          [Function],
        ]
      }
    />
    <campoTexto
      divClasse="input-field col s12 m6 l6"
      id="email-denunciante"
      label="Email"
      maxLen={40}
      placeholder="E-mail"
      state="emailDenunciante"
      type="text"
      validacoes={
        Array [
          [Function],
          [Function],
        ]
      }
    />
  </div>
  <div
    className="row"
  >
    <telefone
      divClasse="col s12 m6 l6"
      id="telefone-denunciante"
      label="Telefone"
      state="telefoneDenunciante"
    />
    <genero
      divClasse="col s12 m6 l6"
      id="genero-denunciante"
      state="generoDenunciante"
    />
  </div>
  <div
    className="row"
  >
    <comboEstado
      divClasse="col s12 m6 l6"
      id="estado-denunciante"
      state="estadoDenunciante"
    />
    <combobox
      divClasse="col s12 m6 l6"
      id="cidade-denunciante"
      itens={
        Array [
          "Belo Horizonte",
        ]
      }
      label="Cidade"
      state="cidadeDenunciante"
      valorPadrao=""
    />
  </div>
  <div
    className="row"
  >
    <genero
      divClasse="col s12 m6 l6"
      id="genero-denunciante"
      state="generoDenunciante"
    />
    <Data
      divClasse="input-field col s12 m6 l6"
      id="data-nascimento-denunciante"
      label="Data de Nascimento"
      state="dataNascimentoDenunciante"
    />
  </div>
  <div
    className="row"
  >
    <comboRaca
      divClasse="col s12 m6 l6"
      id="raca-denunciante"
      somenteRacasVitima={true}
      state="racaDenunciante"
    />
  </div>
</div>
`;
