// Jest Snapshot v1, https://goo.gl/fbAQLP

exports[`AgressorForm deve seguir a estrutura definida  1`] = `
<div>
  <div
    className="row"
  >
    <nome
      divClasse="col s12 m6 l6"
      id="nome-agressor"
      onChange={[Function]}
      state="nomeAgressor"
      validacoes={Array []}
    />
    <genero
      divClasse="col s12 m6 l6"
      id="genero-agressor"
      state="generoAgressor"
    />
  </div>
  <div
    className="row"
  >
    <comboEstado
      divClasse="col s12 m6 l6"
      id="estado-agressor"
      state="estadoAgressor"
    />
    <combobox
      divClasse="col s12 m6 l6"
      id="cidade-agressor"
      itens={
        Array [
          "Belo Horizonte",
        ]
      }
      label="Cidade *"
      state="cidadeAgressor"
      valorPadrao=""
    />
  </div>
  <div
    className="row"
  >
    <Data
      divClasse="input-field col s12 m6 l6"
      id="data-nascimento-agressor"
      label="Data de Nascimento"
      state="dataNascimentoAgressor"
    />
    <comboRaca
      divClasse="col s12 m6 l6"
      id="raca-agressor"
      somenteRacasVitima={false}
      state="racaAgressor"
    />
  </div>
  <div
    className="row"
  >
    <campoTexto
      divClasse="input-field col s12 m6 l6"
      id="bairro-agressor"
      label="Bairro"
      maxLen={100}
      placeholder=""
      state="bairroAgressor"
      type="text"
    />
  </div>
  <div
    className="row"
  >
    <campoTexto
      divClasse="input-field col s12 m6 l6"
      id="descricao-agressor"
      label="Descrição do agressor"
      maxLen={100}
      placeholder=""
      state="descricaoAgressor"
      type="text"
      validacoes={
        Array [
          [Function],
        ]
      }
    />
  </div>
</div>
`;
